// Jest Snapshot v1, https://goo.gl/fbAQLP

exports[`HomePage has a valid snapshot 1`] = `
<h2>
  Loading
</h2>
`;
